
> mora-ui@0.1.0 dev
> next dev -p 3002 --port 3002

   ▲ Next.js 15.5.6
   - Local:        http://localhost:3002
   - Network:      http://172.20.10.7:3002
   - Environments: .env.local

 ✓ Starting...
 ✓ Ready in 9.5s
 ○ Compiling / ...
 ✓ Compiled / in 21.2s (1600 modules)
[ConfigManager] ✅ Loaded config with direct access
[ConfigManager] JWT Token length: 261
[ConfigManager] Core API URL: http://localhost:8081
 GET / 200 in 24269ms
 ✓ Compiled in 3.1s (759 modules)
 ○ Compiling /home ...
 ✓ Compiled /home in 1433ms (1590 modules)
[ConfigManager] ✅ Loaded config with direct access
[ConfigManager] JWT Token length: 261
[ConfigManager] Core API URL: http://localhost:8081
 GET /home 200 in 2676ms
 ✓ Compiled in 1634ms (1587 modules)
 ✓ Compiled in 732ms (1587 modules)
